[22:33:07] DEVICE=cuda | ITERS=1200 BATCH=256 LR=0.0001
[22:33:07] qty_bias_init=500.0 sigma_floor=30.0 ent=0.03->0.005
[22:33:11] it   1/1200 | eval_cost=127,086,708 best=127,086,708 | ent=1.760 qty~500 | 사용[None=0% A=0% B=0% C=7% D=37% E=56%] | ETA 69.8m
[22:33:43] it  20/1200 | eval_cost= 73,725,244 best= 73,725,244 | ent=1.438 qty~500 | 사용[None=39% A=0% B=0% C=0% D=61% E=0%] | ETA 35.2m
[22:34:18] it  40/1200 | eval_cost=  3,680,732 best=  3,680,732 | ent=1.304 qty~500 | 사용[None=30% A=0% B=0% C=0% D=70% E=0%] | ETA 33.9m
[22:34:52] it  60/1200 | eval_cost=  3,758,862 best=  3,680,732 | ent=1.246 qty~500 | 사용[None=29% A=0% B=0% C=0% D=71% E=0%] | ETA 33.1m
[22:35:26] it  80/1200 | eval_cost=  3,708,684 best=  3,680,732 | ent=1.136 qty~500 | 사용[None=29% A=0% B=0% C=1% D=70% E=0%] | ETA 32.3m
[22:36:01] it 100/1200 | eval_cost=  3,115,918 best=  3,115,918 | ent=1.059 qty~500 | 사용[None=26% A=0% B=0% C=70% D=3% E=0%] | ETA 31.7m
[22:36:35] it 120/1200 | eval_cost=  3,020,624 best=  3,020,624 | ent=0.891 qty~499 | 사용[None=27% A=0% B=0% C=72% D=1% E=0%] | ETA 31.0m
[22:37:08] it 140/1200 | eval_cost=  2,918,397 best=  2,918,397 | ent=0.717 qty~500 | 사용[None=28% A=0% B=0% C=71% D=1% E=0%] | ETA 30.3m
[22:37:42] it 160/1200 | eval_cost=  2,905,676 best=  2,905,676 | ent=0.657 qty~500 | 사용[None=29% A=0% B=0% C=71% D=1% E=0%] | ETA 29.7m
[22:38:15] it 180/1200 | eval_cost=  2,907,873 best=  2,905,676 | ent=0.601 qty~499 | 사용[None=28% A=0% B=0% C=71% D=1% E=0%] | ETA 29.0m
[22:38:48] it 200/1200 | eval_cost=  2,874,136 best=  2,874,136 | ent=0.534 qty~499 | 사용[None=28% A=0% B=0% C=71% D=1% E=0%] | ETA 28.4m
[22:39:22] it 220/1200 | eval_cost=  2,869,801 best=  2,869,801 | ent=0.461 qty~499 | 사용[None=28% A=0% B=0% C=71% D=1% E=0%] | ETA 27.8m
[22:39:55] it 240/1200 | eval_cost=  2,887,692 best=  2,869,801 | ent=0.464 qty~499 | 사용[None=28% A=0% B=0% C=71% D=1% E=0%] | ETA 27.2m
[22:40:25] it 260/1200 | eval_cost=  2,857,982 best=  2,857,982 | ent=0.485 qty~499 | 사용[None=29% A=0% B=0% C=71% D=1% E=0%] | ETA 26.4m
[22:40:53] it 280/1200 | eval_cost=  2,833,716 best=  2,833,716 | ent=0.651 qty~499 | 사용[None=29% A=0% B=0% C=70% D=1% E=0%] | ETA 25.5m
[22:41:21] it 300/1200 | eval_cost=  2,870,124 best=  2,833,716 | ent=0.447 qty~499 | 사용[None=28% A=0% B=0% C=71% D=1% E=0%] | ETA 24.7m
[22:41:49] it 320/1200 | eval_cost=  2,786,166 best=  2,786,166 | ent=0.657 qty~499 | 사용[None=32% A=4% B=0% C=63% D=1% E=0%] | ETA 23.9m
[22:42:17] it 340/1200 | eval_cost=  2,776,513 best=  2,776,513 | ent=0.536 qty~499 | 사용[None=34% A=7% B=0% C=58% D=1% E=0%] | ETA 23.2m
[22:42:46] it 360/1200 | eval_cost=  2,609,796 best=  2,609,796 | ent=0.516 qty~499 | 사용[None=42% A=16% B=0% C=41% D=1% E=0%] | ETA 22.5m
[22:43:14] it 380/1200 | eval_cost=  2,563,110 best=  2,563,110 | ent=0.448 qty~500 | 사용[None=45% A=19% B=0% C=34% D=2% E=0%] | ETA 21.8m
[22:43:43] it 400/1200 | eval_cost=  2,513,845 best=  2,513,845 | ent=0.421 qty~499 | 사용[None=49% A=24% B=0% C=26% D=1% E=0%] | ETA 21.2m
[22:44:11] it 420/1200 | eval_cost=  2,405,946 best=  2,405,946 | ent=0.463 qty~499 | 사용[None=54% A=31% B=0% C=15% D=1% E=0%] | ETA 20.5m
[22:44:39] it 440/1200 | eval_cost=  2,385,526 best=  2,385,526 | ent=0.349 qty~499 | 사용[None=58% A=36% B=0% C=4% D=2% E=0%] | ETA 19.9m
[22:45:07] it 460/1200 | eval_cost=  2,428,673 best=  2,385,526 | ent=0.312 qty~498 | 사용[None=58% A=34% B=0% C=7% D=1% E=0%] | ETA 19.3m
[22:45:34] it 480/1200 | eval_cost=  2,332,473 best=  2,332,473 | ent=0.260 qty~499 | 사용[None=58% A=35% B=0% C=5% D=1% E=0%] | ETA 18.7m
[22:46:02] it 500/1200 | eval_cost=  2,370,878 best=  2,332,473 | ent=0.220 qty~499 | 사용[None=58% A=36% B=0% C=4% D=2% E=0%] | ETA 18.1m
[22:46:29] it 520/1200 | eval_cost=  2,321,186 best=  2,321,186 | ent=0.223 qty~499 | 사용[None=58% A=35% B=0% C=5% D=2% E=0%] | ETA 17.5m
[22:46:57] it 540/1200 | eval_cost=  2,335,452 best=  2,321,186 | ent=0.195 qty~498 | 사용[None=58% A=36% B=0% C=5% D=1% E=0%] | ETA 16.9m
[22:47:24] it 560/1200 | eval_cost=  2,319,880 best=  2,319,880 | ent=0.144 qty~498 | 사용[None=58% A=36% B=0% C=4% D=2% E=0%] | ETA 16.3m
[22:47:52] it 580/1200 | eval_cost=  2,323,736 best=  2,319,880 | ent=0.201 qty~499 | 사용[None=57% A=34% B=0% C=5% D=3% E=0%] | ETA 15.7m
[22:48:19] it 600/1200 | eval_cost=  2,354,225 best=  2,319,880 | ent=0.217 qty~499 | 사용[None=58% A=35% B=0% C=4% D=3% E=0%] | ETA 15.2m
[22:48:46] it 620/1200 | eval_cost=  2,346,537 best=  2,319,880 | ent=0.176 qty~499 | 사용[None=58% A=35% B=0% C=5% D=2% E=0%] | ETA 14.6m
[22:49:13] it 640/1200 | eval_cost=  2,332,560 best=  2,319,880 | ent=0.142 qty~499 | 사용[None=58% A=35% B=0% C=4% D=3% E=0%] | ETA 14.1m
[22:49:41] it 660/1200 | eval_cost=  2,383,914 best=  2,319,880 | ent=0.164 qty~499 | 사용[None=59% A=37% B=0% C=2% D=2% E=0%] | ETA 13.5m
[22:50:08] it 680/1200 | eval_cost=  2,359,112 best=  2,319,880 | ent=0.159 qty~499 | 사용[None=59% A=35% B=0% C=4% D=2% E=0%] | ETA 13.0m
[22:50:36] it 700/1200 | eval_cost=  2,311,177 best=  2,311,177 | ent=0.122 qty~499 | 사용[None=58% A=35% B=0% C=4% D=3% E=0%] | ETA 12.5m
[22:51:03] it 720/1200 | eval_cost=  2,369,956 best=  2,311,177 | ent=0.119 qty~499 | 사용[None=59% A=37% B=0% C=2% D=2% E=0%] | ETA 11.9m
[22:51:30] it 740/1200 | eval_cost=  2,372,462 best=  2,311,177 | ent=0.173 qty~498 | 사용[None=55% A=32% B=0% C=10% D=3% E=0%] | ETA 11.4m
[22:51:57] it 760/1200 | eval_cost=  2,319,217 best=  2,311,177 | ent=0.110 qty~498 | 사용[None=59% A=35% B=0% C=2% D=4% E=0%] | ETA 10.9m
[22:52:25] it 780/1200 | eval_cost=  2,397,439 best=  2,311,177 | ent=0.151 qty~499 | 사용[None=56% A=32% B=0% C=7% D=5% E=0%] | ETA 10.4m
[22:52:52] it 800/1200 | eval_cost=  2,390,150 best=  2,311,177 | ent=0.107 qty~498 | 사용[None=59% A=35% B=0% C=2% D=4% E=0%] | ETA 9.9m
[22:53:20] it 820/1200 | eval_cost=  2,323,983 best=  2,311,177 | ent=0.089 qty~498 | 사용[None=59% A=36% B=0% C=3% D=2% E=0%] | ETA 9.4m
[22:53:47] it 840/1200 | eval_cost=  2,326,330 best=  2,311,177 | ent=0.094 qty~499 | 사용[None=59% A=36% B=0% C=2% D=4% E=0%] | ETA 8.8m
[22:54:14] it 860/1200 | eval_cost=  2,321,050 best=  2,311,177 | ent=0.106 qty~499 | 사용[None=58% A=36% B=0% C=4% D=2% E=0%] | ETA 8.3m
[22:54:41] it 880/1200 | eval_cost=  2,320,867 best=  2,311,177 | ent=0.110 qty~498 | 사용[None=58% A=35% B=0% C=3% D=3% E=0%] | ETA 7.8m
[22:55:08] it 900/1200 | eval_cost=  2,305,579 best=  2,305,579 | ent=0.114 qty~498 | 사용[None=59% A=36% B=0% C=3% D=3% E=0%] | ETA 7.3m
[22:55:35] it 920/1200 | eval_cost=  2,329,204 best=  2,305,579 | ent=0.107 qty~499 | 사용[None=58% A=35% B=0% C=5% D=2% E=0%] | ETA 6.8m
[22:56:03] it 940/1200 | eval_cost=  2,329,191 best=  2,305,579 | ent=0.118 qty~499 | 사용[None=59% A=36% B=0% C=2% D=3% E=0%] | ETA 6.3m
[22:56:30] it 960/1200 | eval_cost=  2,327,980 best=  2,305,579 | ent=0.076 qty~498 | 사용[None=58% A=35% B=0% C=2% D=4% E=0%] | ETA 5.8m
[22:56:57] it 980/1200 | eval_cost=  2,346,113 best=  2,305,579 | ent=0.080 qty~498 | 사용[None=59% A=36% B=0% C=3% D=3% E=0%] | ETA 5.3m
[22:57:24] it1000/1200 | eval_cost=  2,312,620 best=  2,305,579 | ent=0.091 qty~498 | 사용[None=59% A=36% B=0% C=3% D=2% E=0%] | ETA 4.9m
[22:57:51] it1020/1200 | eval_cost=  2,313,563 best=  2,305,579 | ent=0.097 qty~498 | 사용[None=59% A=36% B=0% C=1% D=4% E=0%] | ETA 4.4m
[22:58:18] it1040/1200 | eval_cost=  2,331,633 best=  2,305,579 | ent=0.086 qty~498 | 사용[None=59% A=37% B=0% C=1% D=3% E=0%] | ETA 3.9m
[22:58:44] it1060/1200 | eval_cost=  2,324,247 best=  2,305,579 | ent=0.089 qty~498 | 사용[None=59% A=36% B=0% C=3% D=2% E=0%] | ETA 3.4m
[22:59:11] it1080/1200 | eval_cost=  2,305,081 best=  2,305,081 | ent=0.070 qty~498 | 사용[None=59% A=36% B=0% C=3% D=2% E=0%] | ETA 2.9m
[22:59:38] it1100/1200 | eval_cost=  2,320,912 best=  2,305,081 | ent=0.070 qty~498 | 사용[None=59% A=37% B=0% C=2% D=2% E=0%] | ETA 2.4m
[23:00:04] it1120/1200 | eval_cost=  2,316,787 best=  2,305,081 | ent=0.063 qty~498 | 사용[None=59% A=37% B=0% C=2% D=2% E=0%] | ETA 1.9m
[23:00:33] it1140/1200 | eval_cost=  2,310,675 best=  2,305,081 | ent=0.090 qty~498 | 사용[None=58% A=35% B=0% C=3% D=3% E=0%] | ETA 1.4m
[23:01:00] it1160/1200 | eval_cost=  2,347,264 best=  2,305,081 | ent=0.113 qty~499 | 사용[None=59% A=35% B=0% C=3% D=3% E=0%] | ETA 1.0m
[23:01:27] it1180/1200 | eval_cost=  2,312,597 best=  2,305,081 | ent=0.070 qty~498 | 사용[None=58% A=35% B=0% C=3% D=4% E=0%] | ETA 0.5m
[23:01:54] it1200/1200 | eval_cost=  2,429,739 best=  2,305,081 | ent=0.084 qty~499 | 사용[None=55% A=31% B=0% C=4% D=10% E=0%] | ETA 0.0m
[23:01:54] DONE best_eval_cost=2,305,081 saved=retrained/best_model_v2.pt (28.8m)
