[23:12:49] DEVICE=cuda ITERS=1000 BATCH=256 STATE_DIM=18 avail_p=0.55
[23:12:54] it   1/1000 | eval= 28,513,142 best= 28,513,142 | ent=1.256 qty~500 | [None=21% A=4% B=54% C=0% D=6% E=16%] | ETA 63.9m
[23:13:27] it  20/1000 | eval= 27,536,376 best= 27,536,376 | ent=1.107 qty~500 | [None=32% A=0% B=50% C=0% D=14% E=4%] | ETA 30.5m
[23:14:02] it  40/1000 | eval=  3,928,592 best=  3,928,592 | ent=0.986 qty~500 | [None=28% A=0% B=26% C=1% D=38% E=7%] | ETA 28.9m
[23:14:38] it  60/1000 | eval=  4,009,989 best=  3,928,592 | ent=0.968 qty~500 | [None=27% A=0% B=15% C=2% D=45% E=10%] | ETA 28.1m
[23:15:10] it  80/1000 | eval=  3,471,759 best=  3,471,759 | ent=0.897 qty~501 | [None=28% A=0% B=26% C=9% D=31% E=6%] | ETA 26.8m
[23:15:42] it 100/1000 | eval=  3,329,985 best=  3,329,985 | ent=0.719 qty~500 | [None=26% A=1% B=42% C=8% D=21% E=3%] | ETA 25.8m
[23:16:18] it 120/1000 | eval=  3,073,455 best=  3,073,455 | ent=0.675 qty~500 | [None=26% A=1% B=45% C=15% D=12% E=1%] | ETA 25.5m
[23:16:54] it 140/1000 | eval=  2,986,550 best=  2,986,550 | ent=0.590 qty~501 | [None=27% A=1% B=44% C=18% D=9% E=1%] | ETA 25.0m
[23:17:30] it 160/1000 | eval=  2,992,720 best=  2,986,550 | ent=0.606 qty~500 | [None=28% A=1% B=46% C=17% D=7% E=1%] | ETA 24.5m
[23:18:05] it 180/1000 | eval=  2,938,719 best=  2,938,719 | ent=0.583 qty~500 | [None=27% A=1% B=49% C=15% D=7% E=1%] | ETA 23.9m
[23:18:41] it 200/1000 | eval=  2,935,379 best=  2,935,379 | ent=0.510 qty~500 | [None=27% A=1% B=49% C=16% D=6% E=2%] | ETA 23.4m
[23:19:17] it 220/1000 | eval=  2,905,142 best=  2,905,142 | ent=0.549 qty~500 | [None=28% A=1% B=45% C=19% D=6% E=1%] | ETA 22.9m
[23:19:53] it 240/1000 | eval=  2,899,011 best=  2,899,011 | ent=0.469 qty~500 | [None=28% A=3% B=49% C=14% D=6% E=1%] | ETA 22.3m
[23:20:28] it 260/1000 | eval=  2,932,424 best=  2,899,011 | ent=0.403 qty~500 | [None=28% A=2% B=45% C=17% D=7% E=1%] | ETA 21.7m
[23:21:02] it 280/1000 | eval=  2,868,481 best=  2,868,481 | ent=0.362 qty~500 | [None=29% A=3% B=47% C=16% D=5% E=1%] | ETA 21.1m
[23:21:32] it 300/1000 | eval=  3,019,665 best=  2,868,481 | ent=0.470 qty~500 | [None=30% A=3% B=39% C=17% D=10% E=1%] | ETA 20.3m
[23:22:02] it 320/1000 | eval=  2,884,741 best=  2,868,481 | ent=0.375 qty~500 | [None=29% A=5% B=46% C=15% D=4% E=1%] | ETA 19.5m
[23:22:32] it 340/1000 | eval=  2,975,583 best=  2,868,481 | ent=0.434 qty~500 | [None=29% A=5% B=41% C=18% D=5% E=1%] | ETA 18.8m
[23:23:02] it 360/1000 | eval=  2,824,497 best=  2,824,497 | ent=0.421 qty~500 | [None=32% A=7% B=39% C=16% D=5% E=1%] | ETA 18.1m
[23:23:32] it 380/1000 | eval=  2,851,615 best=  2,824,497 | ent=0.392 qty~501 | [None=35% A=9% B=38% C=12% D=5% E=1%] | ETA 17.4m
[23:24:02] it 400/1000 | eval=  2,945,954 best=  2,824,497 | ent=0.428 qty~500 | [None=36% A=11% B=31% C=14% D=8% E=1%] | ETA 16.8m
[23:24:32] it 420/1000 | eval=  2,782,471 best=  2,782,471 | ent=0.470 qty~501 | [None=36% A=11% B=34% C=12% D=6% E=1%] | ETA 16.1m
[23:25:01] it 440/1000 | eval=  2,860,773 best=  2,782,471 | ent=0.385 qty~500 | [None=37% A=11% B=27% C=15% D=9% E=2%] | ETA 15.5m
[23:25:31] it 460/1000 | eval=  2,663,559 best=  2,663,559 | ent=0.425 qty~500 | [None=44% A=20% B=23% C=9% D=3% E=1%] | ETA 14.9m
[23:26:00] it 480/1000 | eval=  2,646,714 best=  2,646,714 | ent=0.397 qty~500 | [None=43% A=19% B=27% C=6% D=4% E=1%] | ETA 14.3m
[23:26:30] it 500/1000 | eval=  2,602,882 best=  2,602,882 | ent=0.348 qty~500 | [None=50% A=26% B=12% C=7% D=5% E=1%] | ETA 13.7m
[23:26:59] it 520/1000 | eval=  2,573,914 best=  2,573,914 | ent=0.337 qty~500 | [None=50% A=27% B=12% C=6% D=4% E=1%] | ETA 13.1m
[23:27:28] it 540/1000 | eval=  2,557,941 best=  2,557,941 | ent=0.323 qty~499 | [None=53% A=30% B=7% C=5% D=4% E=1%] | ETA 12.5m
[23:27:58] it 560/1000 | eval=  2,551,752 best=  2,551,752 | ent=0.260 qty~499 | [None=52% A=29% B=10% C=4% D=4% E=1%] | ETA 11.9m
[23:28:27] it 580/1000 | eval=  2,614,737 best=  2,551,752 | ent=0.302 qty~500 | [None=53% A=29% B=7% C=4% D=5% E=1%] | ETA 11.3m
[23:28:57] it 600/1000 | eval=  2,558,726 best=  2,551,752 | ent=0.284 qty~500 | [None=53% A=30% B=7% C=5% D=4% E=1%] | ETA 10.7m
[23:29:26] it 620/1000 | eval=  2,552,265 best=  2,551,752 | ent=0.265 qty~500 | [None=54% A=32% B=7% C=4% D=3% E=1%] | ETA 10.2m
[23:29:56] it 640/1000 | eval=  2,550,085 best=  2,550,085 | ent=0.230 qty~500 | [None=53% A=31% B=6% C=5% D=4% E=1%] | ETA 9.6m
[23:30:25] it 660/1000 | eval=  2,613,352 best=  2,550,085 | ent=0.229 qty~500 | [None=53% A=31% B=8% C=5% D=3% E=1%] | ETA 9.1m
[23:30:55] it 680/1000 | eval=  2,606,726 best=  2,550,085 | ent=0.175 qty~500 | [None=54% A=32% B=7% C=5% D=3% E=1%] | ETA 8.5m
[23:31:24] it 700/1000 | eval=  2,586,770 best=  2,550,085 | ent=0.211 qty~500 | [None=52% A=28% B=6% C=7% D=6% E=1%] | ETA 8.0m
[23:31:53] it 720/1000 | eval=  2,552,509 best=  2,550,085 | ent=0.188 qty~500 | [None=52% A=28% B=10% C=4% D=5% E=1%] | ETA 7.4m
[23:32:23] it 740/1000 | eval=  2,538,039 best=  2,538,039 | ent=0.156 qty~500 | [None=53% A=30% B=8% C=3% D=4% E=1%] | ETA 6.9m
[23:32:53] it 760/1000 | eval=  2,525,057 best=  2,525,057 | ent=0.150 qty~500 | [None=52% A=29% B=9% C=6% D=4% E=1%] | ETA 6.3m
[23:33:22] it 780/1000 | eval=  2,567,367 best=  2,525,057 | ent=0.191 qty~500 | [None=51% A=27% B=9% C=6% D=6% E=1%] | ETA 5.8m
[23:33:51] it 800/1000 | eval=  2,633,769 best=  2,525,057 | ent=0.256 qty~500 | [None=47% A=23% B=13% C=10% D=6% E=1%] | ETA 5.3m
[23:34:21] it 820/1000 | eval=  2,550,612 best=  2,525,057 | ent=0.168 qty~500 | [None=52% A=29% B=8% C=5% D=5% E=1%] | ETA 4.7m
[23:34:50] it 840/1000 | eval=  2,514,925 best=  2,514,925 | ent=0.146 qty~501 | [None=53% A=30% B=9% C=5% D=4% E=1%] | ETA 4.2m
[23:35:20] it 860/1000 | eval=  2,589,945 best=  2,514,925 | ent=0.160 qty~500 | [None=51% A=27% B=6% C=8% D=6% E=1%] | ETA 3.7m
[23:35:49] it 880/1000 | eval=  2,536,970 best=  2,514,925 | ent=0.217 qty~500 | [None=52% A=30% B=9% C=6% D=2% E=1%] | ETA 3.1m
[23:36:19] it 900/1000 | eval=  2,543,641 best=  2,514,925 | ent=0.222 qty~501 | [None=51% A=27% B=7% C=9% D=4% E=1%] | ETA 2.6m
[23:36:48] it 920/1000 | eval=  2,580,564 best=  2,514,925 | ent=0.153 qty~500 | [None=50% A=26% B=9% C=7% D=6% E=1%] | ETA 2.1m
[23:37:17] it 940/1000 | eval=  2,585,982 best=  2,514,925 | ent=0.190 qty~501 | [None=53% A=30% B=8% C=6% D=3% E=1%] | ETA 1.6m
[23:37:46] it 960/1000 | eval=  2,558,990 best=  2,514,925 | ent=0.160 qty~500 | [None=49% A=26% B=10% C=11% D=3% E=1%] | ETA 1.0m
[23:38:16] it 980/1000 | eval=  2,558,214 best=  2,514,925 | ent=0.129 qty~500 | [None=54% A=31% B=6% C=3% D=4% E=1%] | ETA 0.5m
[23:38:45] it1000/1000 | eval=  2,614,266 best=  2,514,925 | ent=0.138 qty~500 | [None=52% A=27% B=9% C=6% D=5% E=1%] | ETA 0.0m
[23:38:45] DONE best=2,514,925 saved=retrained/best_model_v3.pt (25.9m)
