[22:05:46] DEVICE=cuda | ITERS=600 BATCH=256 LR=0.0001
[22:05:46] qty_bias_init=400.0 sigma_floor=30.0 ent=0.03->0.005
[22:05:50] it   1/600 | eval_cost= 32,469,828 best= 32,469,828 | ent=1.783 qty~400 | 사용[None=1% A=0% B=0% C=59% D=0% E=40%] | ETA 24.7m
[22:06:01] it  10/600 | eval_cost= 19,677,260 best= 19,677,260 | ent=1.737 qty~400 | 사용[None=17% A=0% B=0% C=71% D=0% E=12%] | ETA 13.8m
[22:06:14] it  20/600 | eval_cost= 26,165,226 best= 19,677,260 | ent=1.630 qty~400 | 사용[None=18% A=0% B=0% C=72% D=0% E=9%] | ETA 12.8m
[22:06:26] it  30/600 | eval_cost= 30,788,475 best= 19,677,260 | ent=1.572 qty~400 | 사용[None=17% A=0% B=0% C=77% D=0% E=6%] | ETA 12.4m
[22:06:39] it  40/600 | eval_cost= 13,521,962 best= 13,521,962 | ent=1.520 qty~400 | 사용[None=15% A=0% B=0% C=82% D=0% E=3%] | ETA 12.0m
[22:06:51] it  50/600 | eval_cost=  5,377,706 best=  5,377,706 | ent=1.528 qty~400 | 사용[None=12% A=0% B=0% C=86% D=0% E=1%] | ETA 11.7m
[22:07:04] it  60/600 | eval_cost=  3,571,752 best=  3,571,752 | ent=1.644 qty~400 | 사용[None=10% A=0% B=0% C=89% D=0% E=1%] | ETA 11.5m
[22:07:17] it  70/600 | eval_cost=  3,495,486 best=  3,495,486 | ent=1.614 qty~400 | 사용[None=9% A=0% B=0% C=91% D=0% E=1%] | ETA 11.3m
[22:07:30] it  80/600 | eval_cost=  3,358,719 best=  3,358,719 | ent=1.583 qty~400 | 사용[None=11% A=0% B=0% C=86% D=0% E=4%] | ETA 11.1m
[22:07:42] it  90/600 | eval_cost=  3,423,998 best=  3,358,719 | ent=1.414 qty~400 | 사용[None=10% A=0% B=0% C=88% D=0% E=1%] | ETA 10.9m
[22:07:55] it 100/600 | eval_cost=  3,458,850 best=  3,358,719 | ent=1.223 qty~400 | 사용[None=10% A=0% B=0% C=90% D=0% E=0%] | ETA 10.7m
[22:08:08] it 110/600 | eval_cost=  3,497,916 best=  3,358,719 | ent=1.305 qty~400 | 사용[None=10% A=0% B=0% C=90% D=0% E=0%] | ETA 10.4m
[22:08:20] it 120/600 | eval_cost=  3,320,330 best=  3,320,330 | ent=1.065 qty~400 | 사용[None=9% A=0% B=0% C=90% D=0% E=1%] | ETA 10.2m
[22:08:34] it 130/600 | eval_cost=  3,137,089 best=  3,137,089 | ent=1.282 qty~401 | 사용[None=10% A=0% B=0% C=87% D=0% E=4%] | ETA 10.0m
[22:08:48] it 140/600 | eval_cost=  3,137,475 best=  3,137,089 | ent=0.967 qty~400 | 사용[None=9% A=0% B=0% C=87% D=0% E=4%] | ETA 9.9m
[22:09:01] it 150/600 | eval_cost=  3,113,050 best=  3,113,050 | ent=0.932 qty~400 | 사용[None=11% A=0% B=0% C=84% D=0% E=5%] | ETA 9.7m
[22:09:15] it 160/600 | eval_cost=  3,115,762 best=  3,113,050 | ent=0.967 qty~400 | 사용[None=11% A=0% B=0% C=82% D=0% E=7%] | ETA 9.5m
[22:09:28] it 170/600 | eval_cost=  3,148,296 best=  3,113,050 | ent=0.847 qty~400 | 사용[None=11% A=0% B=0% C=78% D=0% E=11%] | ETA 9.3m
[22:09:41] it 180/600 | eval_cost=  3,135,003 best=  3,113,050 | ent=1.085 qty~401 | 사용[None=11% A=0% B=0% C=79% D=0% E=10%] | ETA 9.1m
[22:09:55] it 190/600 | eval_cost=  3,104,006 best=  3,104,006 | ent=0.811 qty~400 | 사용[None=12% A=0% B=0% C=80% D=0% E=9%] | ETA 8.9m
[22:10:08] it 200/600 | eval_cost=  3,084,462 best=  3,084,462 | ent=0.780 qty~400 | 사용[None=12% A=0% B=0% C=81% D=0% E=7%] | ETA 8.7m
[22:10:21] it 210/600 | eval_cost=  3,156,064 best=  3,084,462 | ent=0.798 qty~400 | 사용[None=12% A=0% B=0% C=76% D=2% E=9%] | ETA 8.5m
[22:10:34] it 220/600 | eval_cost=  2,975,748 best=  2,975,748 | ent=1.008 qty~401 | 사용[None=12% A=0% B=0% C=77% D=11% E=0%] | ETA 8.3m
[22:10:48] it 230/600 | eval_cost=  3,016,750 best=  2,975,748 | ent=0.764 qty~400 | 사용[None=11% A=0% B=0% C=76% D=13% E=0%] | ETA 8.1m
[22:11:02] it 240/600 | eval_cost=  2,976,839 best=  2,975,748 | ent=0.835 qty~401 | 사용[None=11% A=0% B=0% C=78% D=11% E=0%] | ETA 7.9m
[22:11:15] it 250/600 | eval_cost=  2,971,218 best=  2,971,218 | ent=0.722 qty~401 | 사용[None=12% A=0% B=0% C=79% D=9% E=0%] | ETA 7.6m
[22:11:28] it 260/600 | eval_cost=  2,969,392 best=  2,969,392 | ent=0.693 qty~400 | 사용[None=11% A=0% B=0% C=81% D=8% E=0%] | ETA 7.4m
[22:11:42] it 270/600 | eval_cost=  2,971,680 best=  2,969,392 | ent=0.745 qty~400 | 사용[None=12% A=0% B=0% C=76% D=12% E=0%] | ETA 7.2m
[22:11:55] it 280/600 | eval_cost=  2,975,065 best=  2,969,392 | ent=0.693 qty~400 | 사용[None=11% A=0% B=0% C=78% D=10% E=0%] | ETA 7.0m
[22:12:07] it 290/600 | eval_cost=  2,977,696 best=  2,969,392 | ent=0.679 qty~400 | 사용[None=12% A=0% B=0% C=80% D=8% E=0%] | ETA 6.8m
[22:12:20] it 300/600 | eval_cost=  3,064,467 best=  2,969,392 | ent=0.699 qty~402 | 사용[None=13% A=0% B=0% C=75% D=13% E=0%] | ETA 6.5m
[22:12:32] it 310/600 | eval_cost=  2,989,018 best=  2,969,392 | ent=0.665 qty~400 | 사용[None=11% A=0% B=0% C=78% D=10% E=0%] | ETA 6.3m
[22:12:44] it 320/600 | eval_cost=  2,965,456 best=  2,965,456 | ent=0.674 qty~400 | 사용[None=11% A=0% B=0% C=85% D=4% E=0%] | ETA 6.1m
[22:12:57] it 330/600 | eval_cost=  2,984,615 best=  2,965,456 | ent=0.637 qty~400 | 사용[None=11% A=0% B=0% C=84% D=4% E=0%] | ETA 5.9m
[22:13:10] it 340/600 | eval_cost=  3,035,951 best=  2,965,456 | ent=0.711 qty~400 | 사용[None=13% A=0% B=0% C=75% D=12% E=0%] | ETA 5.6m
[22:13:23] it 350/600 | eval_cost=  2,989,539 best=  2,965,456 | ent=0.680 qty~400 | 사용[None=12% A=0% B=0% C=74% D=14% E=0%] | ETA 5.4m
[22:13:35] it 360/600 | eval_cost=  2,999,865 best=  2,965,456 | ent=0.783 qty~401 | 사용[None=11% A=0% B=0% C=78% D=10% E=0%] | ETA 5.2m
[22:13:48] it 370/600 | eval_cost=  2,945,542 best=  2,945,542 | ent=0.843 qty~400 | 사용[None=11% A=0% B=0% C=81% D=7% E=0%] | ETA 5.0m
[22:14:02] it 380/600 | eval_cost=  2,955,447 best=  2,945,542 | ent=0.815 qty~401 | 사용[None=12% A=0% B=0% C=77% D=10% E=0%] | ETA 4.8m
[22:14:15] it 390/600 | eval_cost=  2,941,728 best=  2,941,728 | ent=0.740 qty~403 | 사용[None=12% A=0% B=1% C=76% D=11% E=0%] | ETA 4.6m
[22:14:28] it 400/600 | eval_cost=  2,894,043 best=  2,894,043 | ent=0.842 qty~400 | 사용[None=14% A=0% B=10% C=68% D=8% E=0%] | ETA 4.3m
[22:14:41] it 410/600 | eval_cost=  2,854,997 best=  2,854,997 | ent=0.809 qty~400 | 사용[None=15% A=0% B=22% C=59% D=4% E=0%] | ETA 4.1m
[22:14:55] it 420/600 | eval_cost=  2,917,116 best=  2,854,997 | ent=0.649 qty~404 | 사용[None=16% A=0% B=20% C=60% D=5% E=0%] | ETA 3.9m
[22:15:10] it 430/600 | eval_cost=  2,829,448 best=  2,829,448 | ent=0.745 qty~402 | 사용[None=17% A=0% B=29% C=50% D=4% E=0%] | ETA 3.7m
[22:15:23] it 440/600 | eval_cost=  2,789,846 best=  2,789,846 | ent=0.851 qty~400 | 사용[None=19% A=0% B=39% C=38% D=4% E=0%] | ETA 3.5m
[22:15:36] it 450/600 | eval_cost=  2,793,335 best=  2,789,846 | ent=0.872 qty~400 | 사용[None=22% A=0% B=49% C=25% D=5% E=0%] | ETA 3.3m
[22:15:50] it 460/600 | eval_cost=  2,711,916 best=  2,711,916 | ent=0.878 qty~400 | 사용[None=21% A=0% B=50% C=23% D=5% E=0%] | ETA 3.1m
[22:16:03] it 470/600 | eval_cost=  2,707,528 best=  2,707,528 | ent=0.791 qty~400 | 사용[None=22% A=0% B=50% C=23% D=5% E=0%] | ETA 2.8m
[22:16:16] it 480/600 | eval_cost=  2,710,307 best=  2,707,528 | ent=0.775 qty~400 | 사용[None=22% A=0% B=47% C=24% D=7% E=0%] | ETA 2.6m
[22:16:30] it 490/600 | eval_cost=  2,685,281 best=  2,685,281 | ent=0.739 qty~399 | 사용[None=23% A=0% B=59% C=14% D=4% E=0%] | ETA 2.4m
[22:16:43] it 500/600 | eval_cost=  2,692,005 best=  2,685,281 | ent=0.722 qty~400 | 사용[None=22% A=0% B=53% C=18% D=6% E=0%] | ETA 2.2m
[22:16:55] it 510/600 | eval_cost=  2,694,674 best=  2,685,281 | ent=0.673 qty~400 | 사용[None=23% A=0% B=60% C=13% D=5% E=0%] | ETA 2.0m
[22:17:08] it 520/600 | eval_cost=  2,694,418 best=  2,685,281 | ent=0.680 qty~400 | 사용[None=23% A=0% B=55% C=14% D=9% E=0%] | ETA 1.7m
[22:17:21] it 530/600 | eval_cost=  2,682,031 best=  2,682,031 | ent=0.685 qty~401 | 사용[None=23% A=0% B=57% C=10% D=9% E=0%] | ETA 1.5m
[22:17:34] it 540/600 | eval_cost=  2,686,210 best=  2,682,031 | ent=0.656 qty~400 | 사용[None=24% A=0% B=58% C=9% D=10% E=0%] | ETA 1.3m
[22:17:48] it 550/600 | eval_cost=  2,674,466 best=  2,674,466 | ent=0.572 qty~400 | 사용[None=24% A=0% B=61% C=7% D=9% E=0%] | ETA 1.1m
[22:18:01] it 560/600 | eval_cost=  2,679,456 best=  2,674,466 | ent=0.568 qty~399 | 사용[None=24% A=0% B=62% C=7% D=7% E=0%] | ETA 0.9m
[22:18:14] it 570/600 | eval_cost=  2,645,400 best=  2,645,400 | ent=0.548 qty~400 | 사용[None=24% A=0% B=64% C=7% D=5% E=0%] | ETA 0.7m
[22:18:29] it 580/600 | eval_cost=  2,763,706 best=  2,645,400 | ent=0.626 qty~402 | 사용[None=24% A=0% B=56% C=9% D=12% E=0%] | ETA 0.4m
[22:18:43] it 590/600 | eval_cost=  2,687,715 best=  2,645,400 | ent=0.526 qty~400 | 사용[None=24% A=0% B=58% C=7% D=11% E=0%] | ETA 0.2m
[22:18:57] it 600/600 | eval_cost=  2,652,021 best=  2,645,400 | ent=0.557 qty~403 | 사용[None=25% A=0% B=66% C=4% D=5% E=0%] | ETA 0.0m
[22:18:57] DONE best_eval_cost=2,645,400 saved=retrained/best_model_retrained.pt (13.2m)
